145 skills   140 with 3 queries   420 queries   1680 requests
  .. FULL 25 queries  11:15:38
  .. FULL 50 queries  11:15:59
  .. FULL 75 queries  11:16:20
  .. FULL 100 queries  11:16:41
  .. FULL 125 queries  11:17:03
  .. FULL 150 queries  11:17:23
  .. FULL 175 queries  11:17:43
  .. FULL 200 queries  11:18:05
  .. FULL 225 queries  11:18:26
  .. FULL 250 queries  11:18:46
  .. FULL 275 queries  11:19:07
  .. FULL 300 queries  11:19:28
  .. FULL 325 queries  11:19:49
  .. FULL 350 queries  11:20:09
  .. FULL 375 queries  11:20:29
  .. FULL 400 queries  11:20:49
FULL    253/420 = 60.2%   recall@K 100.0%   mean catalogue   97,907 ch ( 100% of FULL)
  .. TOPK10 425 queries  11:21:21
  .. TOPK10 450 queries  11:22:45
  .. TOPK10 475 queries  11:24:29
  .. TOPK10 500 queries  11:26:21
  .. TOPK10 525 queries  11:28:05
  .. TOPK10 550 queries  11:29:32
  .. TOPK10 575 queries  11:31:25
  .. TOPK10 600 queries  11:32:58
  .. TOPK10 625 queries  11:34:25
  .. TOPK10 650 queries  11:36:14
  .. TOPK10 675 queries  11:37:40
  .. TOPK10 700 queries  11:39:00
  .. TOPK10 725 queries  11:40:10
  .. TOPK10 750 queries  11:41:36
  .. TOPK10 775 queries  11:43:20
  .. TOPK10 800 queries  11:45:19
  .. TOPK10 825 queries  11:47:21
TOPK10  242/420 = 57.6%   recall@K 67.6%   mean catalogue    8,221 ch (   8% of FULL)
  .. TOPK20 850 queries  11:49:23
  .. TOPK20 875 queries  11:52:12
  .. TOPK20 900 queries  11:54:45
  .. TOPK20 925 queries  11:57:29
  .. TOPK20 950 queries  12:00:01
  .. TOPK20 975 queries  12:02:37
  .. TOPK20 1000 queries  12:06:20
  .. TOPK20 1025 queries  12:08:39
  .. TOPK20 1050 queries  12:11:39
  .. TOPK20 1075 queries  12:14:44
  .. TOPK20 1100 queries  12:17:40
  .. TOPK20 1125 queries  12:19:46
  .. TOPK20 1150 queries  12:21:59
  .. TOPK20 1175 queries  12:24:47
  .. TOPK20 1200 queries  12:27:15
  .. TOPK20 1225 queries  12:29:54
  .. TOPK20 1250 queries  12:32:31
TOPK20  247/420 = 58.8%   recall@K 72.6%   mean catalogue   16,512 ch (  17% of FULL)
  .. TOPK40 1275 queries  12:36:19
  .. TOPK40 1300 queries  12:44:28
  .. TOPK40 1325 queries  12:51:49
  .. TOPK40 1350 queries  12:57:07
  .. TOPK40 1375 queries  13:02:41
  .. TOPK40 1400 queries  13:07:54
  .. TOPK40 1425 queries  13:14:58
  .. TOPK40 1450 queries  13:20:04
  .. TOPK40 1475 queries  13:27:25
  .. TOPK40 1500 queries  13:33:47
  .. TOPK40 1525 queries  13:40:02
  .. TOPK40 1550 queries  13:45:34
  .. TOPK40 1575 queries  13:49:33
  .. TOPK40 1600 queries  13:54:06
  .. TOPK40 1625 queries  13:57:52
  .. TOPK40 1650 queries  14:02:59
  .. TOPK40 1675 queries  14:07:19
TOPK40  245/420 = 58.3%   recall@K 80.7%   mean catalogue   32,610 ch (  33% of FULL)

--- verdict against the pre-registered rules ---
control OK: FULL 60.2% (VOID below 45%).

TOPK10 minus FULL [secondary]: -2.6%  95% CI (-6.7%, +1.2%)

TOPK20 minus FULL [PRIMARY]: -1.4%  95% CI (-5.2%, +2.1%)
  No accuracy gain demonstrated; the claim reduces to COST only, which must
  then clear the same 5-point non-inferiority margin as the retracted run.

TOPK40 minus FULL [secondary]: -1.9%  95% CI (-5.5%, +1.7%)
