catalogue=145 skills   sample=145   usable queries=142
  skipped (body too short to build a query): ['access-efs-data', 'access-operator-api', 'operator-health-trend']
FULL   88/142 = 62%   catalogue 97,907 chars
       miss: wanted 'access-aws-services' got 'read-fleet-boxlocal'
       miss: wanted 'access-email' got 'access-aws-services'
       miss: wanted 'access-roblox-studio' got 'manage-roblox-scripts'
       miss: wanted 'agent-completion-report' got 'prime'
FIRST  81/142 = 57%   catalogue 33,695 chars
       miss: wanted 'access-aws-services' got 'check-survivorship-denominator'
       miss: wanted 'access-email' got 'audit-repo-secret-scopes'
       miss: wanted 'access-roblox-studio' got 'manage-roblox-scripts'
       miss: wanted 'agent-completion-report' got 'precheck-corpus-freshness'
NAMES  33/142 = 23%   catalogue 3,250 chars
       miss: wanted 'access-aws-services' got 'replay'
       miss: wanted 'access-email' got 'probe-aws-capability'
       miss: wanted 'access-roblox-studio' got 'verify-env-bridge'
       miss: wanted 'add-npc-task' got 'manage-roblox-scripts'

wrote bench/results/choosability-matrix.json (run 2)
  run-1 vs run-2 score drift: {'FULL': 73, 'FIRST': 68, 'NAMES': 27}
  discordant pairs FULL>FIRST: 11   FIRST>FULL: 4   (net +7 of 15 that differ)
  discordant pairs FULL>NAMES: 58   NAMES>FULL: 3   (net +55 of 61 that differ)

--- verdict against the pre-registered rules ---
control OK: FULL=88/142.
FIRST vs FULL: -7 -- the ADR's recommendation must be RETRACTED
NAMES vs FULL: -55 -- the 'too cryptic' guess holds
