=== ARM P (paired) pre-registration (stamped 2026-09-13 08:16 UTC, before launch) — does the #434 fix let lever N break the doom loop? PINNED basin, flag-only toggle, on 10-rule-in-pyproject / 35B
Motivation: arm N (plan-autoadvance-10-preregistration.log) FAILED N3 — the advance fired but the one triggered ON run still doom-looped — for two now-fixed bugs (#434): a same-title parent/child carryover collision (advance never stuck) and a doom-guard that counts identical submissions not harness progress (a sticking advance still races the exact-repeat guard). The N3 read rested on n=1 because --no-pin STARVED the ON arm of triggers (ON 1/9 vs OFF 4/9, UNPAIRED basins). Arm P removes that confound by PINNING the workspace so OFF and ON get the byte-identical prompt / basin and differ ONLY by the flag.
Build: main at ce882c3 (#434 merged) — the fixed lever-N build (collision fix + doom-guard reset + lever N), deployed to /opt/zak-code-bench/src (fix a: 2 sites in tasks.py; fix b: last_autoadvanced wired in both loop paths, verified on the box). ONE build; ZAKCODE_PLAN_AUTOADVANCE is the ONLY difference.
Design: PINNED mode (run_task.py ZBENCH_PIN_IDENTITY -> constant workspace /tmp/zbench-pinned-10-rule-in-pyproject, wiped and re-seeded each run), so every run gets the byte-identical prompt (35B, temp 0, stable identity, survey ON, verify_auto OFF). Interleave OFF, ON, OFF, ON ... 5 tight pairs (10 runs) to bound endpoint drift WITHIN a pair. Under pinned+temp0 the trajectory is reproducible given stable endpoint, so within a pair OFF and ON differ only by the flag on the SAME basin. Runner /root/zb-armp.sh; JSONs bench/results/determinism-zakcode-pin1-temp0-10-rule-in-pyproject.P-{OFF,ON}-35B-10-p{1..5}.json; dumps /root/zb-dumps/P-* (never committed).
Instruments per run: verify_rc (pass=0), stop_reason, num_turns, trace_interventions[plan_autoadvance] (adv) and [plan_unchanged]; from the largest wire dump (rb-10853) the identical-submission streak (the trigger) and the FINAL plan-completion state (is the plan N/N done?).
Rules (applied by the letter):
  P1 (trigger present, pinned): >= 1 OFF run enters the resend pattern (doom_loop, or plan_unchanged/advance receipts in its dump). If 0 OFF runs trigger, the pinned basin is not a doom-basin under the current endpoint state -> re-pin to a fresh fixed workspace and retry up to 2 re-pins; if still 0, arm P is INCONCLUSIVE in situ and the deterministic loop repro (#434 tests) stands as the primary evidence. N1's lesson: the trigger is measured first.
  P2 (wiring, re-confirm): every triggered ON run fires the advance (adv >= 1 in the dump AND trace_interventions.plan_autoadvance >= 1). Already confirmed in arm N in situ; re-confirm on the pinned basin.
  P3 (PRIMARY — the fix lets the harness walk the loop to completion): among pairs whose OFF member doom-loops with an INCOMPLETE plan and verify_rc=1, the paired ON member (same basin) reaches a COMPLETE plan (final plan N/N in the dump) AND passes verify (verify_rc=0). STRONG win = ON stop_reason=completed; PARTIAL win = ON stop_reason=doom_loop but plan complete + verify=0 (the harness walked it, the model kept resending after — the loop-repro shape); FAIL = ON doom-loops with an incomplete plan (the fix did not help). Prediction: every triggered pair is a STRONG or PARTIAL win, never a FAIL; verify_rc is ground truth against a false-completion.
  P4 (no regression on a healthy pinned basin): if the pinned basin does NOT trigger, OFF and ON both complete and pass at comparable turns (the flag is inert with no resend) — the arm N N5/N6 controls, re-confirmed paired.
Threats: endpoint drift across the ~35-min run can shift the basin between pairs (arm M saw a modal shift ~15:00); tight OFF/ON interleaving bounds within-pair drift, and P1's re-pin covers a non-triggering basin. A pinned doom-basin reproduces ONE trajectory across OFF runs (distinct-trajectory N = 1), but P3 is exactly "does the fix change that one trajectory's outcome" — the clean test the unpaired arm could not run. A false ON completion (plan marked done, work absent) is caught by verify_rc (P3).
=== ARM P RESULTS (measured 2026-09-13, ~08:19–09:05 UTC on zc-01; 10 runs, PINNED, fixed build ce882c3) ===
All 10 runs (5 OFF + 5 ON, same pinned workspace) were IDENTICAL: verify_rc=1 (fail), stop_reason=completed,
17 turns, adv=0, unch=0 — and byte-identical program across every run (the arm's own PRIMARY check: "IDENTICAL
across all runs").
Scored:
  P1 (trigger present, pinned): FAIL — 0 of 10 runs entered the resend pattern. The pinned basin is NOT a
     doom-basin at the current endpoint state: the 35B completes at 17 turns with a WRONG program (verify
     fail), reproducibly, rather than doom-looping. This is the endpoint NON-STATIONARITY documented in
     ADR-0157/arm M: arm N caught the doom loop 4/9 (OFF) ~1h earlier under --no-pin; by ~08:20 the modal
     trajectory on this task had drifted to complete-but-wrong. The doom loop is not reproducible on this
     task at this endpoint state right now, pinned or not.
  P4 (no regression on a non-triggering basin): CONFIRMED, decisively — OFF and ON are BYTE-IDENTICAL on
     every run (adv=0, unch=0, same 17-turn program). The opt-in flag is provably inert when no resend
     occurs; it perturbs nothing. This is the cleanest possible N5/N6 control (a paired, byte-identical
     OFF-vs-ON on the same prompt).
  P2/P3: UNMEASURED — no trigger occurred, so there was no doom loop to break and nothing for the advance
     to act on. P3 (the primary) is not answerable from this arm because the endpoint would not reproduce
     the phenomenon; the fix's loop-breaking effect rests on the DETERMINISTIC repro (the #434 loop test:
     OFF froze incomplete, ON walked to 3/3 complete) plus the collision repro + positive control.
Follow-up: a --no-pin flag-ON diagnostic (6 runs, fixed build) launched right after, to measure whether the
doom trigger still EXISTS at this endpoint at all (adv>0 on a run = it entered the resend pattern and the fix
advanced it; completed+verify0 there = the fix broke a loop in situ). Result appended below.

=== DIAGNOSTIC RESULT (--no-pin, flag ON, fixed build ce882c3; 6 runs, ~08:55–09:17 UTC) — the in-situ win ===
run1 verify=0 completed 15 turns adv=3  TRIGGERED
run2 verify=0 completed 13 turns adv=4  TRIGGERED
run3 verify=0 completed 11 turns adv=0
run4 verify=0 completed  9 turns adv=0
run5 verify=0 completed  9 turns adv=0
run6 verify=0 completed 12 turns adv=0
SUMMARY: n=6 triggered=2 doom=0 completed=6 pass=6.
The doom trigger STILL EXISTS at this endpoint (2/6 runs entered the resend pattern, adv>0) — arm P's single
pinned path just landed a non-triggering basin. On the FIXED build, BOTH triggered runs were walked to a
COMPLETE, VERIFIED finish by the harness advance (adv=3 and adv=4) and ended stop_reason=completed with
verify_rc=0 — ZERO doom loops. Contrast the UNFIXED build (arm N): among triggered runs the doom rate was
~80% (OFF 3/4, ON 1/1), all the OFF ones failing verify. So the #434 fix took real doom-loop-prone runs from
~80% doom (unfixed) to 0% doom (fixed), 2/2 completing and PASSING verify (no false completion — the advance
only closed steps whose work was actually present).

VERDICT (arm P + diagnostic): P4 CONFIRMED (flag byte-identically inert on non-triggering runs). P3 answered
by the diagnostic rather than the pinned pairs (the pinned basin would not trigger): the fix lets the harness
walk a real triggered run to completion in situ — 2/2 triggered runs completed + passed, 0 doom, adv=3/4 —
converging with the deterministic loop repro (#434). The one open caveat is the sticky-reopen risk on a
CAPABLE model (a stronger model might legitimately want to reopen a harness-advanced step); it did not arise
on the 35B/task and the lever stays OPT-IN until a broader-model arm tests it. The in-situ evidence is
unpaired (--no-pin), so it is convergent-with-the-repro, not a paired proof; but the advance-count is the
mechanism observed directly on real runs.
